#-----------------------------------------------------------
# Vivado v2019.1 (64-bit)
# SW Build 2552052 on Fri May 24 14:49:42 MDT 2019
# IP Build 2548770 on Fri May 24 18:01:18 MDT 2019
# Start of session at: Sun Dec 21 20:40:17 2025
# Process ID: 19440
# Current directory: F:/Aes_en
# Command line: vivado.exe -gui_launcher_event rodinguilauncherevent7800 F:\Aes_en\Aes_en.xpr
# Log file: F:/Aes_en/vivado.log
# Journal file: F:/Aes_en\vivado.jou
#-----------------------------------------------------------
start_gui
open_project F:/Aes_en/Aes_en.xpr
update_compile_order -fileset sources_1
close [ open F:/Aes_en/Aes_en.srcs/sources_1/new/cache.vhd w ]
add_files F:/Aes_en/Aes_en.srcs/sources_1/new/cache.vhd
update_compile_order -fileset sources_1
# Disabling source management mode.  This is to allow the top design properties to be set without GUI intervention.
set_property source_mgmt_mode None [current_project]
set_property top SecureCache [current_fileset]
# Re-enabling previously disabled source management mode.
set_property source_mgmt_mode All [current_project]
update_compile_order -fileset sources_1
update_compile_order -fileset sources_1
reset_run synth_2
launch_runs synth_2 -jobs 10
wait_on_run synth_2
launch_runs impl_6 -jobs 10
wait_on_run impl_6
open_run impl_6
set_property SOURCE_SET sources_1 [get_filesets sim_1]
close [ open F:/Aes_en/Aes_en.srcs/sim_1/new/test.vhd w ]
add_files -fileset sim_1 F:/Aes_en/Aes_en.srcs/sim_1/new/test.vhd
update_compile_order -fileset sim_1
# Disabling source management mode.  This is to allow the top design properties to be set without GUI intervention.
set_property source_mgmt_mode None [current_project]
set_property top SecureCache_tb [get_filesets sim_1]
set_property top_lib xil_defaultlib [get_filesets sim_1]
# Re-enabling previously disabled source management mode.
set_property source_mgmt_mode All [current_project]
update_compile_order -fileset sim_1
launch_simulation
source SecureCache_tb.tcl
close_sim
launch_simulation
source SecureCache_tb.tcl
close_sim
launch_simulation
source SecureCache_tb.tcl
close_sim
launch_simulation
source SecureCache_tb.tcl
close_sim
launch_simulation
source SecureCache_tb.tcl
close_sim
launch_simulation
source SecureCache_tb.tcl
close_sim
launch_simulation
source SecureCache_tb.tcl
close_sim
launch_simulation
source SecureCache_tb.tcl
close_sim
launch_simulation
source SecureCache_tb.tcl
close_sim
launch_simulation
source SecureCache_tb.tcl
close_sim
launch_simulation
launch_simulation
source SecureCache_tb.tcl
close_sim
launch_simulation
source SecureCache_tb.tcl
close_sim
launch_simulation
source SecureCache_tb.tcl
close_sim
launch_simulation
source SecureCache_tb.tcl
close_sim
launch_simulation
source SecureCache_tb.tcl
close_sim
launch_simulation
source SecureCache_tb.tcl
close_sim
launch_simulation
source SecureCache_tb.tcl
